13:40:23    0 ****************************************************
13:40:23    0 ** Dragonfly version 4.25 **
13:40:23    0 ** Game engine started **
13:40:23    0 ****************************************************
13:41:07 1291 Object::Object(): Error! Unable to add 0x2ab963f0 to game world.
13:41:07 1291 SceneGraph::removeObject(): Error removing Object (id 263)! Pointer is 0x2ab963f0.
13:41:07 1291 Object::Object(): Error! Unable to add 0x2ac199d0 to game world.
13:41:07 1291 Object::Object(): Error! Unable to add 0x2ac970a0 to game world.
13:41:07 1291 Object::Object(): Error! Unable to add 0x2acad400 to game world.
13:41:07 1291 Object::Object(): Error! Unable to add 0x2acd4ca0 to game world.
13:41:07 1291 Object::Object(): Error! Unable to add 0x2acd7530 to game world.
13:41:07 1291 Object::Object(): Error! Unable to add 0x2ab971a0 to game world.
13:41:07 1291 Object::Object(): Error! Unable to add 0x2ab97f20 to game world.
13:41:07 1291 Object::Object(): Error! Unable to add 0x2ab98ca0 to game world.
13:41:07 1291 Object::Object(): Error! Unable to add 0x2ab99a20 to game world.
13:41:07 1291 Object::Object(): Error! Unable to add 0x2ab9a7a0 to game world.
13:41:07 1291 Object::Object(): Error! Unable to add 0x2ab9b520 to game world.
13:41:07 1291 Object::Object(): Error! Unable to add 0x2ab9c2a0 to game world.
13:41:07 1291 Object::Object(): Error! Unable to add 0x2ab9d020 to game world.
13:41:07 1291 Object::Object(): Error! Unable to add 0x2ab9dda0 to game world.
13:41:07 1291 Object::Object(): Error! Unable to add 0x2ab9eb20 to game world.
13:41:07 1291 Object::Object(): Error! Unable to add 0x2ab9f8a0 to game world.
13:41:07 1291 Object::Object(): Error! Unable to add 0x2aba0620 to game world.
13:41:07 1291 Object::Object(): Error! Unable to add 0x2aba13a0 to game world.
13:41:07 1291 Object::Object(): Error! Unable to add 0x2aba2120 to game world.
13:41:07 1291 Object::Object(): Error! Unable to add 0x2acaef00 to game world.
13:41:07 1291 Object::Object(): Error! Unable to add 0x2acafc80 to game world.
13:41:07 1291 Object::Object(): Error! Unable to add 0x2acb0a00 to game world.
13:41:07 1291 Object::Object(): Error! Unable to add 0x2acb1780 to game world.
13:41:07 1291 Object::Object(): Error! Unable to add 0x2acb2500 to game world.
13:41:07 1291 Object::Object(): Error! Unable to add 0x2acb3280 to game world.
13:41:07 1291 Object::Object(): Error! Unable to add 0x2acb4000 to game world.
13:41:07 1291 Object::Object(): Error! Unable to add 0x2acb4d80 to game world.
13:41:07 1291 Object::Object(): Error! Unable to add 0x2acb5b00 to game world.
13:41:07 1291 Object::Object(): Error! Unable to add 0x2acb6880 to game world.
13:41:07 1291 Object::Object(): Error! Unable to add 0x2acb7600 to game world.
13:41:07 1291 Object::Object(): Error! Unable to add 0x2acb8380 to game world.
13:41:07 1291 Object::Object(): Error! Unable to add 0x2acb9100 to game world.
13:41:07 1291 Object::Object(): Error! Unable to add 0x2acb9e80 to game world.
13:41:07 1291 Object::Object(): Error! Unable to add 0x2acbac00 to game world.
13:41:07 1291 Object::Object(): Error! Unable to add 0x2acbb980 to game world.
13:41:07 1291 Object::Object(): Error! Unable to add 0x2acbc700 to game world.
13:41:07 1291 Object::Object(): Error! Unable to add 0x2acbd480 to game world.
13:41:07 1291 Object::Object(): Error! Unable to add 0x2acbe200 to game world.
13:41:07 1291 Object::Object(): Error! Unable to add 0x2acbef80 to game world.
13:41:07 1291 Object::Object(): Error! Unable to add 0x2acbfd00 to game world.
13:41:07 1291 Object::Object(): Error! Unable to add 0x2acc0a80 to game world.
13:41:07 1291 Object::Object(): Error! Unable to add 0x2acc1800 to game world.
13:41:07 1291 Object::Object(): Error! Unable to add 0x2acc2580 to game world.
13:41:07 1291 Object::Object(): Error! Unable to add 0x2acc3300 to game world.
13:41:07 1291 Object::Object(): Error! Unable to add 0x2acc4080 to game world.
13:41:07 1291 Object::Object(): Error! Unable to add 0x2acc4e00 to game world.
13:41:07 1291 Object::Object(): Error! Unable to add 0x2acc5b80 to game world.
13:41:07 1291 Object::Object(): Error! Unable to add 0x2acc6900 to game world.
13:41:07 1291 Object::Object(): Error! Unable to add 0x2acc7680 to game world.
13:41:07 1291 Object::Object(): Error! Unable to add 0x2acc8400 to game world.
13:41:07 1291 Object::Object(): Error! Unable to add 0x2acc9180 to game world.
13:41:07 1291 Object::Object(): Error! Unable to add 0x2acc9f00 to game world.
13:41:07 1291 Object::Object(): Error! Unable to add 0x2accac80 to game world.
13:41:07 1291 Object::Object(): Error! Unable to add 0x2accba00 to game world.
13:41:07 1291 Object::Object(): Error! Unable to add 0x2accc780 to game world.
13:41:07 1291 Object::Object(): Error! Unable to add 0x2accd500 to game world.
13:41:07 1291 Object::Object(): Error! Unable to add 0x2acce280 to game world.
13:41:07 1291 Object::Object(): Error! Unable to add 0x2accf000 to game world.
13:41:07 1291 Object::Object(): Error! Unable to add 0x2accfd80 to game world.
13:41:07 1291 Object::Object(): Error! Unable to add 0x2acd0b00 to game world.
13:41:07 1291 Object::Object(): Error! Unable to add 0x2acd1880 to game world.
13:41:07 1291 Object::Object(): Error! Unable to add 0x2acd2600 to game world.
13:41:07 1291 Object::Object(): Error! Unable to add 0x2ace6170 to game world.
13:41:07 1291 Object::Object(): Error! Unable to add 0x2ace6ef0 to game world.
13:41:07 1291 Object::Object(): Error! Unable to add 0x2ace7c70 to game world.
13:41:07 1291 Object::Object(): Error! Unable to add 0x2ace89f0 to game world.
13:41:07 1291 Object::Object(): Error! Unable to add 0x2ace9770 to game world.
13:41:07 1291 Object::Object(): Error! Unable to add 0x2acea4f0 to game world.
13:41:07 1291 Object::Object(): Error! Unable to add 0x2aceb270 to game world.
13:41:07 1291 Object::Object(): Error! Unable to add 0x2acebff0 to game world.
13:41:07 1291 Object::Object(): Error! Unable to add 0x2acecd70 to game world.
13:41:07 1291 Object::Object(): Error! Unable to add 0x2acedaf0 to game world.
13:41:07 1291 Object::Object(): Error! Unable to add 0x2acee870 to game world.
13:41:07 1291 Object::Object(): Error! Unable to add 0x2acef5f0 to game world.
13:41:07 1291 Object::Object(): Error! Unable to add 0x2acf0370 to game world.
13:41:07 1291 Object::Object(): Error! Unable to add 0x2acf10f0 to game world.
13:41:07 1291 Object::Object(): Error! Unable to add 0x2acf1e70 to game world.
13:41:07 1291 Object::Object(): Error! Unable to add 0x2acf2bf0 to game world.
13:41:07 1291 Object::Object(): Error! Unable to add 0x2acf3970 to game world.
13:41:07 1291 Object::Object(): Error! Unable to add 0x2acf46f0 to game world.
13:41:07 1291 Object::Object(): Error! Unable to add 0x2acf5470 to game world.
13:41:07 1291 Object::Object(): Error! Unable to add 0x2acf61f0 to game world.
13:41:07 1291 Object::Object(): Error! Unable to add 0x2acf6f70 to game world.
13:41:07 1291 Object::Object(): Error! Unable to add 0x2acf7cf0 to game world.
13:41:07 1291 Object::Object(): Error! Unable to add 0x2acf8a70 to game world.
13:41:07 1291 Object::Object(): Error! Unable to add 0x2acf97f0 to game world.
13:41:07 1291 Object::Object(): Error! Unable to add 0x2acfa570 to game world.
13:41:07 1291 Object::Object(): Error! Unable to add 0x2acfb2f0 to game world.
13:41:07 1291 Object::Object(): Error! Unable to add 0x2acfc070 to game world.
13:41:07 1291 Object::Object(): Error! Unable to add 0x2acfcdf0 to game world.
13:41:07 1291 Object::Object(): Error! Unable to add 0x2acfdb70 to game world.
13:41:07 1291 Object::Object(): Error! Unable to add 0x2acfe8f0 to game world.
13:41:07 1291 Object::Object(): Error! Unable to add 0x2acff670 to game world.
13:41:07 1291 Object::Object(): Error! Unable to add 0x2ad003f0 to game world.
13:41:07 1291 Object::Object(): Error! Unable to add 0x2ad01170 to game world.
13:41:07 1291 Object::Object(): Error! Unable to add 0x2ad01ef0 to game world.
13:41:07 1291 Object::Object(): Error! Unable to add 0x2ad02c70 to game world.
13:41:07 1291 Object::Object(): Error! Unable to add 0x2ad039f0 to game world.
13:41:07 1291 Object::Object(): Error! Unable to add 0x2ad04770 to game world.
13:41:07 1291 Object::Object(): Error! Unable to add 0x2ad054f0 to game world.
13:41:07 1291 Object::Object(): Error! Unable to add 0x2ad06270 to game world.
13:41:07 1291 Object::Object(): Error! Unable to add 0x2ad06ff0 to game world.
13:41:07 1291 Object::Object(): Error! Unable to add 0x2ad07d70 to game world.
13:41:07 1291 Object::Object(): Error! Unable to add 0x2ad08af0 to game world.
13:41:07 1291 Object::Object(): Error! Unable to add 0x2ad09870 to game world.
13:41:07 1291 Object::Object(): Error! Unable to add 0x2ad0a5f0 to game world.
13:41:07 1291 Object::Object(): Error! Unable to add 0x2ad0b370 to game world.
13:41:07 1291 Object::Object(): Error! Unable to add 0x2ad0c0f0 to game world.
13:41:07 1291 Object::Object(): Error! Unable to add 0x2ad0ce70 to game world.
13:41:07 1291 Object::Object(): Error! Unable to add 0x2ad0dbf0 to game world.
13:41:07 1291 Object::Object(): Error! Unable to add 0x2ad0e970 to game world.
13:41:07 1291 Object::Object(): Error! Unable to add 0x2ad0f6f0 to game world.
13:41:07 1291 Object::Object(): Error! Unable to add 0x2ad10470 to game world.
13:41:07 1291 Object::Object(): Error! Unable to add 0x2ad111f0 to game world.
13:41:07 1291 Object::Object(): Error! Unable to add 0x2ad11f70 to game world.
13:41:07 1291 Object::Object(): Error! Unable to add 0x2ad12cf0 to game world.
13:41:07 1291 Object::Object(): Error! Unable to add 0x2ad13a70 to game world.
13:41:07 1291 Object::Object(): Error! Unable to add 0x2ad147f0 to game world.
13:41:07 1291 Object::Object(): Error! Unable to add 0x2ad15570 to game world.
13:41:07 1291 Object::Object(): Error! Unable to add 0x2ad162f0 to game world.
13:41:07 1291 Object::Object(): Error! Unable to add 0x2ad17070 to game world.
13:41:07 1291 Object::Object(): Error! Unable to add 0x2ad17df0 to game world.
13:41:07 1291 Object::Object(): Error! Unable to add 0x2ad18b70 to game world.
13:41:07 1291 Object::Object(): Error! Unable to add 0x2ad198f0 to game world.
13:41:07 1291 Object::Object(): Error! Unable to add 0x2ad1ae80 to game world.
13:41:07 1291 Object::Object(): Error! Unable to add 0x2ad1bc00 to game world.
13:41:07 1291 Object::Object(): Error! Unable to add 0x2ad1c980 to game world.
13:41:07 1291 Object::Object(): Error! Unable to add 0x2ad1d700 to game world.
13:41:07 1291 Object::Object(): Error! Unable to add 0x2ad1e480 to game world.
13:41:07 1291 Object::Object(): Error! Unable to add 0x2ad1f200 to game world.
13:41:07 1291 Object::Object(): Error! Unable to add 0x2ad1ff80 to game world.
13:41:07 1291 Object::Object(): Error! Unable to add 0x2ad20d00 to game world.
13:41:07 1291 Object::Object(): Error! Unable to add 0x2ad21a80 to game world.
13:41:07 1291 Object::Object(): Error! Unable to add 0x2ad22800 to game world.
13:41:07 1291 Object::Object(): Error! Unable to add 0x2ad23580 to game world.
13:41:07 1291 Object::Object(): Error! Unable to add 0x2ad24300 to game world.
13:41:07 1291 Object::Object(): Error! Unable to add 0x2ad25080 to game world.
13:41:07 1291 Object::Object(): Error! Unable to add 0x2ad25e00 to game world.
13:41:07 1291 Object::Object(): Error! Unable to add 0x2ad26b80 to game world.
13:41:07 1291 Object::Object(): Error! Unable to add 0x2ad27900 to game world.
13:41:07 1291 Object::Object(): Error! Unable to add 0x2ad28680 to game world.
13:41:07 1291 Object::Object(): Error! Unable to add 0x2ad29400 to game world.
13:41:07 1291 Object::Object(): Error! Unable to add 0x2ad2a180 to game world.
13:41:07 1291 Object::Object(): Error! Unable to add 0x2ad2af00 to game world.
13:41:07 1291 Object::Object(): Error! Unable to add 0x2ad2bc80 to game world.
13:41:07 1291 Object::Object(): Error! Unable to add 0x2ad2ca00 to game world.
13:41:07 1291 Object::Object(): Error! Unable to add 0x2ad2d780 to game world.
13:41:07 1291 Object::Object(): Error! Unable to add 0x2ad2e500 to game world.
13:41:07 1291 Object::Object(): Error! Unable to add 0x2ad2f280 to game world.
13:41:07 1291 Object::Object(): Error! Unable to add 0x2ad30000 to game world.
13:41:07 1291 Object::Object(): Error! Unable to add 0x2ad30d80 to game world.
13:41:07 1291 Object::Object(): Error! Unable to add 0x2ad31b00 to game world.
13:41:07 1291 Object::Object(): Error! Unable to add 0x2ad32880 to game world.
13:41:07 1291 Object::Object(): Error! Unable to add 0x2ad33600 to game world.
13:41:07 1291 Object::Object(): Error! Unable to add 0x2ad34380 to game world.
13:41:07 1291 Object::Object(): Error! Unable to add 0x2ad35100 to game world.
13:41:07 1291 Object::Object(): Error! Unable to add 0x2ad35e80 to game world.
13:41:07 1291 Object::Object(): Error! Unable to add 0x2ad36c00 to game world.
13:41:07 1291 Object::Object(): Error! Unable to add 0x2ad37980 to game world.
13:41:07 1291 Object::Object(): Error! Unable to add 0x2ad38700 to game world.
13:41:07 1291 Object::Object(): Error! Unable to add 0x2ad39480 to game world.
13:41:07 1291 Object::Object(): Error! Unable to add 0x2ad3a200 to game world.
13:41:07 1291 Object::Object(): Error! Unable to add 0x2ad3af80 to game world.
13:41:07 1291 Object::Object(): Error! Unable to add 0x2ad3bd00 to game world.
13:41:07 1291 Object::Object(): Error! Unable to add 0x2ad3ca80 to game world.
13:41:07 1291 Object::Object(): Error! Unable to add 0x2ad3d800 to game world.
13:41:07 1291 Object::Object(): Error! Unable to add 0x2ad3e580 to game world.
13:41:07 1291 Object::Object(): Error! Unable to add 0x2ad3f300 to game world.
13:41:07 1291 Object::Object(): Error! Unable to add 0x2ad40080 to game world.
13:41:07 1291 Object::Object(): Error! Unable to add 0x2ad40e00 to game world.
13:41:07 1291 Object::Object(): Error! Unable to add 0x2ad41b80 to game world.
13:41:07 1291 Object::Object(): Error! Unable to add 0x2ad42900 to game world.
13:41:07 1291 Object::Object(): Error! Unable to add 0x2ad43680 to game world.
13:41:07 1291 Object::Object(): Error! Unable to add 0x2ad44400 to game world.
13:41:07 1291 Object::Object(): Error! Unable to add 0x2ad45180 to game world.
13:41:07 1291 Object::Object(): Error! Unable to add 0x2ad45f00 to game world.
13:41:07 1291 Object::Object(): Error! Unable to add 0x2ad46c80 to game world.
13:41:07 1291 Object::Object(): Error! Unable to add 0x2ad47a00 to game world.
13:41:07 1291 Object::Object(): Error! Unable to add 0x2ad48780 to game world.
13:41:07 1291 Object::Object(): Error! Unable to add 0x2ad49500 to game world.
13:41:07 1291 Object::Object(): Error! Unable to add 0x2ad4a280 to game world.
13:41:07 1291 Object::Object(): Error! Unable to add 0x2ad4b000 to game world.
13:41:07 1291 Object::Object(): Error! Unable to add 0x2ad4bd80 to game world.
13:41:07 1291 Object::Object(): Error! Unable to add 0x2ad4cb00 to game world.
13:41:07 1291 Object::Object(): Error! Unable to add 0x2ad4d880 to game world.
13:41:07 1291 Object::Object(): Error! Unable to add 0x2ad4e600 to game world.
13:41:07 1291 Object::Object(): Error! Unable to add 0x2ad4f380 to game world.
13:41:07 1291 Object::Object(): Error! Unable to add 0x2ad50100 to game world.
13:41:07 1291 Object::Object(): Error! Unable to add 0x2ad50e80 to game world.
13:41:07 1291 Object::Object(): Error! Unable to add 0x2ad51c00 to game world.
13:41:07 1291 Object::Object(): Error! Unable to add 0x2ad52980 to game world.
13:41:07 1291 Object::Object(): Error! Unable to add 0x2ad53700 to game world.
13:41:07 1291 Object::Object(): Error! Unable to add 0x2ad54480 to game world.
13:41:07 1291 Object::Object(): Error! Unable to add 0x2ad55200 to game world.
13:41:07 1291 Object::Object(): Error! Unable to add 0x2ad55f80 to game world.
13:41:07 1291 Object::Object(): Error! Unable to add 0x2ad56d00 to game world.
13:41:07 1291 Object::Object(): Error! Unable to add 0x2ad57a80 to game world.
13:41:07 1291 Object::Object(): Error! Unable to add 0x2ad58800 to game world.
13:41:07 1291 Object::Object(): Error! Unable to add 0x2ad59580 to game world.
13:41:07 1291 Object::Object(): Error! Unable to add 0x2ad5a300 to game world.
13:41:07 1291 Object::Object(): Error! Unable to add 0x2ad5b080 to game world.
13:41:07 1291 Object::Object(): Error! Unable to add 0x2ad5be00 to game world.
13:41:07 1291 Object::Object(): Error! Unable to add 0x2ad5cb80 to game world.
13:41:07 1291 Object::Object(): Error! Unable to add 0x2ad5d900 to game world.
13:41:07 1291 Object::Object(): Error! Unable to add 0x2ad5e680 to game world.
13:41:07 1291 Object::Object(): Error! Unable to add 0x2ad5f400 to game world.
13:41:07 1291 Object::Object(): Error! Unable to add 0x2ad60180 to game world.
13:41:07 1291 Object::Object(): Error! Unable to add 0x2ad60f00 to game world.
13:41:07 1291 Object::Object(): Error! Unable to add 0x2ad61c80 to game world.
13:41:07 1291 Object::Object(): Error! Unable to add 0x2ad62a00 to game world.
13:41:07 1291 Object::Object(): Error! Unable to add 0x2ad63780 to game world.
13:41:07 1291 Object::Object(): Error! Unable to add 0x2ad64500 to game world.
13:41:07 1291 Object::Object(): Error! Unable to add 0x2ad65280 to game world.
13:41:07 1291 Object::Object(): Error! Unable to add 0x2ad66000 to game world.
13:41:07 1291 Object::Object(): Error! Unable to add 0x2ad66d80 to game world.
13:41:07 1291 Object::Object(): Error! Unable to add 0x2ad67b00 to game world.
13:41:07 1291 Object::Object(): Error! Unable to add 0x2ad68880 to game world.
13:41:07 1291 Object::Object(): Error! Unable to add 0x2ad69600 to game world.
13:41:07 1291 Object::Object(): Error! Unable to add 0x2ad6a380 to game world.
13:41:07 1291 Object::Object(): Error! Unable to add 0x2ad6b100 to game world.
13:41:07 1291 Object::Object(): Error! Unable to add 0x2ad6be80 to game world.
13:41:07 1291 Object::Object(): Error! Unable to add 0x2ad6cc00 to game world.
13:41:07 1291 Object::Object(): Error! Unable to add 0x2ad6d980 to game world.
13:41:07 1291 Object::Object(): Error! Unable to add 0x2ad6e700 to game world.
13:41:07 1291 Object::Object(): Error! Unable to add 0x2ad6f480 to game world.
13:41:07 1291 Object::Object(): Error! Unable to add 0x2ad70200 to game world.
13:41:07 1291 Object::Object(): Error! Unable to add 0x2ad71f90 to game world.
13:41:07 1291 Object::Object(): Error! Unable to add 0x2ad72d10 to game world.
13:41:07 1291 Object::Object(): Error! Unable to add 0x2ad73a90 to game world.
13:41:07 1291 Object::Object(): Error! Unable to add 0x2ad74810 to game world.
13:41:07 1291 Object::Object(): Error! Unable to add 0x2ad75590 to game world.
13:41:07 1291 Object::Object(): Error! Unable to add 0x2ad76310 to game world.
13:41:07 1291 Object::Object(): Error! Unable to add 0x2ad77090 to game world.
13:41:07 1291 Object::Object(): Error! Unable to add 0x2ad77e10 to game world.
13:41:07 1291 Object::Object(): Error! Unable to add 0x2ad78b90 to game world.
13:41:07 1291 Object::Object(): Error! Unable to add 0x2ad79910 to game world.
13:41:07 1291 Object::Object(): Error! Unable to add 0x2ad7a690 to game world.
13:41:07 1291 Object::Object(): Error! Unable to add 0x2ad7b410 to game world.
13:41:07 1291 Object::Object(): Error! Unable to add 0x2ad7c190 to game world.
13:41:07 1291 Object::Object(): Error! Unable to add 0x2ad7cf10 to game world.
13:41:07 1291 Object::Object(): Error! Unable to add 0x2ad7dc90 to game world.
13:41:07 1291 Object::Object(): Error! Unable to add 0x2ad7ea10 to game world.
13:41:07 1291 Object::Object(): Error! Unable to add 0x2ad7f790 to game world.
13:41:07 1291 Object::Object(): Error! Unable to add 0x2ad80510 to game world.
13:41:07 1291 Object::Object(): Error! Unable to add 0x2ad81290 to game world.
13:41:07 1291 Object::Object(): Error! Unable to add 0x2ad82010 to game world.
13:41:07 1291 Object::Object(): Error! Unable to add 0x2ad82d90 to game world.
13:41:07 1291 Object::Object(): Error! Unable to add 0x2ad83b10 to game world.
13:41:07 1291 Object::Object(): Error! Unable to add 0x2ad84890 to game world.
13:41:07 1291 Object::Object(): Error! Unable to add 0x2ad85610 to game world.
13:41:07 1291 Object::Object(): Error! Unable to add 0x2ad86390 to game world.
13:41:07 1291 Object::Object(): Error! Unable to add 0x2ad87110 to game world.
13:41:07 1291 Object::Object(): Error! Unable to add 0x2ad88ea0 to game world.
13:41:07 1291 Object::Object(): Error! Unable to add 0x2ad89c20 to game world.
13:41:07 1291 Object::Object(): Error! Unable to add 0x2ad8a9a0 to game world.
13:41:07 1291 Object::Object(): Error! Unable to add 0x2ad8b720 to game world.
13:41:07 1291 Object::Object(): Error! Unable to add 0x2ad8c4a0 to game world.
13:41:07 1291 Object::Object(): Error! Unable to add 0x2ad8d220 to game world.
13:41:07 1291 Object::Object(): Error! Unable to add 0x2ad8efb0 to game world.
13:41:07 1291 Object::Object(): Error! Unable to add 0x2ad8fd30 to game world.
13:41:07 1291 Object::Object(): Error! Unable to add 0x2ad90ab0 to game world.
13:41:07 1291 Object::Object(): Error! Unable to add 0x2ad91830 to game world.
13:41:07 1291 Object::Object(): Error! Unable to add 0x2ad925b0 to game world.
13:41:07 1291 Object::Object(): Error! Unable to add 0x2ad93330 to game world.
13:41:07 1291 Object::Object(): Error! Unable to add 0x2ad940b0 to game world.
13:41:07 1291 Object::Object(): Error! Unable to add 0x2ad94e30 to game world.
13:41:07 1291 Object::Object(): Error! Unable to add 0x2ad95bb0 to game world.
13:41:07 1291 Object::Object(): Error! Unable to add 0x2ad96930 to game world.
13:41:07 1291 Object::Object(): Error! Unable to add 0x2ad976b0 to game world.
13:41:07 1291 Object::Object(): Error! Unable to add 0x2ad98430 to game world.
13:41:07 1291 Object::Object(): Error! Unable to add 0x2ad991b0 to game world.
13:41:07 1291 Object::Object(): Error! Unable to add 0x2ad99f30 to game world.
13:41:07 1291 Object::Object(): Error! Unable to add 0x2ad9acb0 to game world.
13:41:07 1291 Object::Object(): Error! Unable to add 0x2ad9ba30 to game world.
13:41:07 1291 Object::Object(): Error! Unable to add 0x2ad9c7b0 to game world.
13:41:07 1291 Object::Object(): Error! Unable to add 0x2ad9d530 to game world.
13:41:07 1291 Object::Object(): Error! Unable to add 0x2ad9e2b0 to game world.
13:41:07 1291 Object::Object(): Error! Unable to add 0x2ad9f030 to game world.
13:41:07 1291 Object::Object(): Error! Unable to add 0x2ad9fdb0 to game world.
13:41:07 1291 Object::Object(): Error! Unable to add 0x2ada0b30 to game world.
13:41:07 1291 Object::Object(): Error! Unable to add 0x2ada18b0 to game world.
13:41:07 1291 Object::Object(): Error! Unable to add 0x2ada2630 to game world.
13:41:07 1291 Object::Object(): Error! Unable to add 0x2ada33b0 to game world.
13:41:07 1291 Object::Object(): Error! Unable to add 0x2ada4130 to game world.
13:41:07 1291 Object::Object(): Error! Unable to add 0x2ada4eb0 to game world.
13:41:07 1291 Object::Object(): Error! Unable to add 0x2ada5c30 to game world.
13:41:07 1291 Object::Object(): Error! Unable to add 0x2ada69b0 to game world.
13:41:07 1291 Object::Object(): Error! Unable to add 0x2ada7730 to game world.
13:41:07 1291 Object::Object(): Error! Unable to add 0x2ada84b0 to game world.
13:41:07 1291 Object::Object(): Error! Unable to add 0x2ada9230 to game world.
13:41:07 1291 Object::Object(): Error! Unable to add 0x2ada9fb0 to game world.
13:41:07 1291 Object::Object(): Error! Unable to add 0x2adaad30 to game world.
13:41:07 1291 Object::Object(): Error! Unable to add 0x2adabab0 to game world.
13:41:07 1291 Object::Object(): Error! Unable to add 0x2adac830 to game world.
13:41:07 1291 Object::Object(): Error! Unable to add 0x2adad5b0 to game world.
13:41:07 1291 Object::Object(): Error! Unable to add 0x2adae330 to game world.
13:41:07 1291 Object::Object(): Error! Unable to add 0x2adaf0b0 to game world.
13:41:07 1291 Object::Object(): Error! Unable to add 0x2adafe30 to game world.
13:41:07 1291 Object::Object(): Error! Unable to add 0x2adb0bb0 to game world.
13:41:07 1291 Object::Object(): Error! Unable to add 0x2adb1930 to game world.
13:41:07 1291 Object::Object(): Error! Unable to add 0x2adb26b0 to game world.
13:41:07 1291 Object::Object(): Error! Unable to add 0x2adb3430 to game world.
13:41:07 1291 Object::Object(): Error! Unable to add 0x2adb41b0 to game world.
13:41:07 1291 Object::Object(): Error! Unable to add 0x2adb4f30 to game world.
13:41:07 1291 Object::Object(): Error! Unable to add 0x2adb5cb0 to game world.
13:41:07 1291 Object::Object(): Error! Unable to add 0x2adb6a30 to game world.
13:41:07 1291 Object::Object(): Error! Unable to add 0x2adb77b0 to game world.
13:41:07 1291 Object::Object(): Error! Unable to add 0x2adb8530 to game world.
13:41:07 1291 Object::Object(): Error! Unable to add 0x2adb92b0 to game world.
13:41:07 1291 Object::Object(): Error! Unable to add 0x2adba030 to game world.
13:41:07 1291 Object::Object(): Error! Unable to add 0x2adbadb0 to game world.
13:41:07 1291 Object::Object(): Error! Unable to add 0x2adbbb30 to game world.
13:41:07 1291 Object::Object(): Error! Unable to add 0x2adbc8b0 to game world.
13:41:07 1291 Object::Object(): Error! Unable to add 0x2adbd630 to game world.
13:41:07 1291 Object::Object(): Error! Unable to add 0x2adbe3b0 to game world.
13:41:07 1291 Object::Object(): Error! Unable to add 0x2adbf130 to game world.
13:41:07 1291 Object::Object(): Error! Unable to add 0x2adbfeb0 to game world.
13:41:07 1291 Object::Object(): Error! Unable to add 0x2adc0c30 to game world.
13:41:07 1291 Object::Object(): Error! Unable to add 0x2adc19b0 to game world.
13:41:07 1291 Object::Object(): Error! Unable to add 0x2adc2730 to game world.
13:41:07 1291 Object::Object(): Error! Unable to add 0x2adc34b0 to game world.
13:41:07 1291 Object::Object(): Error! Unable to add 0x2adc4230 to game world.
13:41:07 1291 Object::Object(): Error! Unable to add 0x2adc4fb0 to game world.
13:41:07 1291 Object::Object(): Error! Unable to add 0x2adc5d30 to game world.
13:41:07 1291 Object::Object(): Error! Unable to add 0x2adc6ab0 to game world.
13:41:07 1291 Object::Object(): Error! Unable to add 0x2adc7830 to game world.
13:41:07 1291 Object::Object(): Error! Unable to add 0x2adc85b0 to game world.
13:41:07 1291 Object::Object(): Error! Unable to add 0x2adc9330 to game world.
13:41:07 1291 Object::Object(): Error! Unable to add 0x2adca0b0 to game world.
13:41:07 1291 Object::Object(): Error! Unable to add 0x2adcae30 to game world.
13:41:07 1291 Object::Object(): Error! Unable to add 0x2adcbbb0 to game world.
13:41:07 1291 Object::Object(): Error! Unable to add 0x2adcc930 to game world.
13:41:07 1291 Object::Object(): Error! Unable to add 0x2adcd6b0 to game world.
13:41:07 1291 Object::Object(): Error! Unable to add 0x2adce430 to game world.
13:41:07 1291 Object::Object(): Error! Unable to add 0x2adcf1b0 to game world.
13:41:07 1291 Object::Object(): Error! Unable to add 0x2adcff30 to game world.
13:41:07 1291 Object::Object(): Error! Unable to add 0x2add0cb0 to game world.
13:41:07 1291 Object::Object(): Error! Unable to add 0x2add1a30 to game world.
13:41:07 1291 Object::Object(): Error! Unable to add 0x2add27b0 to game world.
13:41:07 1291 Object::Object(): Error! Unable to add 0x2add3530 to game world.
13:41:07 1291 Object::Object(): Error! Unable to add 0x2add42b0 to game world.
13:41:07 1291 Object::Object(): Error! Unable to add 0x2add5030 to game world.
13:41:07 1291 Object::Object(): Error! Unable to add 0x2add5db0 to game world.
13:41:07 1291 Object::Object(): Error! Unable to add 0x2add6b30 to game world.
13:41:07 1291 Object::Object(): Error! Unable to add 0x2add78b0 to game world.
13:41:07 1291 Object::Object(): Error! Unable to add 0x2add8630 to game world.
13:41:07 1291 Object::Object(): Error! Unable to add 0x2add93b0 to game world.
13:41:07 1291 Object::Object(): Error! Unable to add 0x2adda130 to game world.
13:41:07 1291 Object::Object(): Error! Unable to add 0x2addaeb0 to game world.
13:41:07 1291 Object::Object(): Error! Unable to add 0x2addbc30 to game world.
13:41:07 1291 Object::Object(): Error! Unable to add 0x2addc9b0 to game world.
13:41:07 1291 Object::Object(): Error! Unable to add 0x2addd730 to game world.
13:41:07 1291 Object::Object(): Error! Unable to add 0x2adde4b0 to game world.
13:41:07 1291 Object::Object(): Error! Unable to add 0x2addf230 to game world.
13:41:07 1291 Object::Object(): Error! Unable to add 0x2addffb0 to game world.
13:41:07 1291 Object::Object(): Error! Unable to add 0x2ade0d30 to game world.
13:41:07 1291 Object::Object(): Error! Unable to add 0x2ade1ab0 to game world.
13:41:07 1291 Object::Object(): Error! Unable to add 0x2ade2830 to game world.
13:41:07 1291 Object::Object(): Error! Unable to add 0x2ade35b0 to game world.
13:41:07 1291 Object::Object(): Error! Unable to add 0x2ade4330 to game world.
13:41:07 1291 Object::Object(): Error! Unable to add 0x2ade50b0 to game world.
13:41:07 1291 Object::Object(): Error! Unable to add 0x2ade5e30 to game world.
13:41:07 1291 Object::Object(): Error! Unable to add 0x2ade6bb0 to game world.
13:41:07 1291 Object::Object(): Error! Unable to add 0x2ade7930 to game world.
13:41:07 1291 Object::Object(): Error! Unable to add 0x2ade86b0 to game world.
13:41:07 1291 Object::Object(): Error! Unable to add 0x2ade9430 to game world.
13:41:07 1291 Object::Object(): Error! Unable to add 0x2adea1b0 to game world.
13:41:07 1291 Object::Object(): Error! Unable to add 0x2adeaf30 to game world.
13:41:07 1291 Object::Object(): Error! Unable to add 0x2adebcb0 to game world.
13:41:07 1291 Object::Object(): Error! Unable to add 0x2adeca30 to game world.
13:41:07 1291 Object::Object(): Error! Unable to add 0x2aded7b0 to game world.
13:41:07 1291 Object::Object(): Error! Unable to add 0x2adee530 to game world.
13:41:07 1291 Object::Object(): Error! Unable to add 0x2adef2b0 to game world.
13:41:07 1291 Object::Object(): Error! Unable to add 0x2adf0030 to game world.
13:41:07 1291 Object::Object(): Error! Unable to add 0x2adf0db0 to game world.
13:41:07 1291 Object::Object(): Error! Unable to add 0x2adf1b30 to game world.
13:41:07 1291 Object::Object(): Error! Unable to add 0x2adf28b0 to game world.
13:41:07 1291 Object::Object(): Error! Unable to add 0x2adf3630 to game world.
13:41:07 1291 Object::Object(): Error! Unable to add 0x2adf43b0 to game world.
13:41:07 1291 Object::Object(): Error! Unable to add 0x2adf5130 to game world.
13:41:07 1291 Object::Object(): Error! Unable to add 0x2adf5eb0 to game world.
13:41:07 1291 Object::Object(): Error! Unable to add 0x2adf6c30 to game world.
13:41:07 1291 Object::Object(): Error! Unable to add 0x2adf79b0 to game world.
13:41:07 1291 Object::Object(): Error! Unable to add 0x2adf8730 to game world.
13:41:07 1291 Object::Object(): Error! Unable to add 0x2adf94b0 to game world.
13:41:07 1291 Object::Object(): Error! Unable to add 0x2adfa230 to game world.
13:41:07 1291 Object::Object(): Error! Unable to add 0x2adfafb0 to game world.
13:41:07 1291 Object::Object(): Error! Unable to add 0x2adfbd30 to game world.
13:41:07 1291 Object::Object(): Error! Unable to add 0x2adfcab0 to game world.
13:41:07 1291 Object::Object(): Error! Unable to add 0x2adfd830 to game world.
13:41:07 1291 Object::Object(): Error! Unable to add 0x2adfe5b0 to game world.
13:41:07 1291 Object::Object(): Error! Unable to add 0x2adff330 to game world.
13:41:07 1291 Object::Object(): Error! Unable to add 0x2ae000b0 to game world.
13:41:07 1291 Object::Object(): Error! Unable to add 0x2ae00e30 to game world.
13:41:07 1291 Object::Object(): Error! Unable to add 0x2ae01bb0 to game world.
13:41:07 1291 Object::Object(): Error! Unable to add 0x2ae02930 to game world.
13:41:07 1291 Object::Object(): Error! Unable to add 0x2ae036b0 to game world.
13:41:07 1291 Object::Object(): Error! Unable to add 0x2ae04430 to game world.
13:41:07 1291 Object::Object(): Error! Unable to add 0x2ae051b0 to game world.
13:41:07 1291 Object::Object(): Error! Unable to add 0x2ae05f30 to game world.
13:41:07 1291 ****************************************************
13:41:07 1291 ** Game engine stopped **
